[INFO] Scanning for projects...
[INFO] 
[INFO] -----------------------< banking:banking-system >-----------------------
[INFO] Building Banking System Testing Project 1.0.0
[INFO]   from pom.xml
[INFO] --------------------------------[ jar ]---------------------------------
[INFO] 
[INFO] --- resources:3.3.1:resources (default-resources) @ banking-system ---
[INFO] skip non existing resourceDirectory C:\Users\Lenovo\Desktop\semester 5\sw testing\project\src\main\resources
[INFO] 
[INFO] --- compiler:3.11.0:compile (default-compile) @ banking-system ---
[INFO] Nothing to compile - all classes are up to date
[INFO] 
[INFO] --- resources:3.3.1:testResources (default-testResources) @ banking-system ---
[INFO] skip non existing resourceDirectory C:\Users\Lenovo\Desktop\semester 5\sw testing\project\src\test\resources
[INFO] 
[INFO] --- compiler:3.11.0:testCompile (default-testCompile) @ banking-system ---
[INFO] Nothing to compile - all classes are up to date
[INFO] 
[INFO] --- surefire:3.1.2:test (default-test) @ banking-system ---
[INFO] Using auto detected provider org.apache.maven.surefire.junitplatform.JUnitPlatformProvider
[INFO] 
[INFO] -------------------------------------------------------
[INFO]  T E S T S
[INFO] -------------------------------------------------------
[INFO] Running banking.blackbox.AccountBlackBoxTests
[INFO] Tests run: 16, Failures: 0, Errors: 0, Skipped: 0, Time elapsed: 0.071 s -- in banking.blackbox.AccountBlackBoxTests
[INFO] Running banking.integration.BankingIntegrationTests
[INFO] Tests run: 8, Failures: 0, Errors: 0, Skipped: 0, Time elapsed: 0.020 s -- in banking.integration.BankingIntegrationTests
[INFO] Running banking.state.AccountStateTests
[INFO] Tests run: 17, Failures: 0, Errors: 0, Skipped: 0, Time elapsed: 0.018 s -- in banking.state.AccountStateTests
[INFO] Running banking.tdd.CreditScoreCheckerTest
[INFO] Tests run: 14, Failures: 0, Errors: 0, Skipped: 0, Time elapsed: 0.015 s -- in banking.tdd.CreditScoreCheckerTest
[INFO] Running banking.ui.UISimulationTests
[INFO] Tests run: 11, Failures: 0, Errors: 0, Skipped: 0, Time elapsed: 0.012 s -- in banking.ui.UISimulationTests
[INFO] Running banking.whitebox.AccountWhiteBoxTests
[INFO] Tests run: 11, Failures: 0, Errors: 0, Skipped: 0, Time elapsed: 0.009 s -- in banking.whitebox.AccountWhiteBoxTests
[INFO] 
[INFO] Results:
[INFO] 
[INFO] Tests run: 77, Failures: 0, Errors: 0, Skipped: 0
[INFO] 
[INFO] ------------------------------------------------------------------------
[INFO] BUILD SUCCESS
[INFO] ------------------------------------------------------------------------
[INFO] Total time:  1.837 s
[INFO] Finished at: 2025-12-23T14:33:41+02:00
[INFO] ------------------------------------------------------------------------
